I'm sorry, but errors were detected in your script. Please correct the
errors listed below, and try again.


File "game/script.rpy", line 137: expected statement.
    meet_akane_class
                    ^

File "game/script.rpy", line 139: expected statement.
    accompany_haru_lib
                      ^

Ren'Py Version: Ren'Py 7.4.11.2266
Fri Jan 14 20:32:09 2022
